INFO  05:43:58,983 - Compiling source file: B:\STUDIJE\CETVRTA GODINA\sedmi semestar\PP\projekat\workspace\MicrojavaCompiler\test\test_files\test04.mj
INFO  05:43:59,008 - PARSING the program 'test04' at row 4
INFO  05:43:59,008 - Constant 'sa' declaration at row 5
INFO  05:43:59,010 - Global variable 'sb' declaration at row 6
INFO  05:43:59,010 - Global variable 'x' declaration at row 7
INFO  05:43:59,010 - Global variable 'y' declaration at row 7
INFO  05:43:59,010 - Global variable 'a' declaration at row 8
INFO  05:43:59,010 - Global variable 'log' declaration at row 9
INFO  05:43:59,010 - Function 'sum' definition at row 12
INFO  05:43:59,010 - Formal parameter 'z' declaration at row 12
INFO  05:43:59,010 - Formal parameter 'd' declaration at row 12
INFO  05:43:59,012 - Use of Var z: int, 0, 1  at row 13
INFO  05:43:59,012 - Use of Var d: int, 1, 1  at row 13
INFO  05:43:59,012 - Function 'main' definition at row 16
INFO  05:43:59,015 - Use of Var sb: string, 0, 0  at row 17
INFO  05:43:59,015 - Use of Var sb: string, 0, 0  at row 18
INFO  05:43:59,015 - Use of Var sb: string, 0, 0  at row 18
INFO  05:43:59,015 - Use of Con sa: string, 0, 0  at row 18
INFO  05:43:59,015 - Use of Var a: Arr of int, 3, 0  at row 19
INFO  05:43:59,015 - Use of Var log: bool, 4, 0  at row 20
INFO  05:43:59,015 - Use of Var x: int, 1, 0  at row 21
INFO  05:43:59,016 - Use of Var y: int, 2, 0  at row 21
INFO  05:43:59,016 - Use of Var log: bool, 4, 0  at row 22
INFO  05:43:59,016 - Use of Var a: Arr of int, 3, 0  at row 23
INFO  05:43:59,016 - Use of Var x: int, 1, 0  at row 23
INFO  05:43:59,016 - Use of Meth sum: int, 307, 2 
   Var z: int, 0, 1 
   Var d: int, 1, 1 
 at row 23
INFO  05:43:59,016 - Use of Var y: int, 2, 0  at row 23
INFO  05:43:59,016 - Use of Var x: int, 1, 0  at row 23
INFO  05:43:59,018 - Use of Var x: int, 1, 0  at row 24
INFO  05:43:59,018 - Use of Meth sum: int, 307, 2 
   Var z: int, 0, 1 
   Var d: int, 1, 1 
 at row 24
INFO  05:43:59,018 - Use of Var x: int, 1, 0  at row 24
INFO  05:43:59,018 - Use of Var x: int, 1, 0  at row 25
INFO  05:43:59,018 - Use of Var a: Arr of int, 3, 0  at row 27
INFO  05:43:59,018 - Use of Var sb: string, 0, 0  at row 28
INFO  05:43:59,020 - =======================SYNTAX ANALYSIS=======================
INFO  05:43:59,020 - Global constants = 1
INFO  05:43:59,020 - Global variables = 4
INFO  05:43:59,020 - Global arrays = 1
INFO  05:43:59,020 - Local variables in main = 0
INFO  05:43:59,020 - Global functions = 1
INFO  05:43:59,020 - Formal parameters = 2
INFO  05:43:59,020 - Function calls in main = 2
INFO  05:43:59,020 - Statement blocks = 3
INFO  05:43:59,020 - Classes = 0
INFO  05:43:59,020 - Class attributes = 0
INFO  05:43:59,020 - Methods = 0
INFO  05:43:59,020 - Parsing SUCCESSFUL!
INFO  05:43:59,022 - =====================SYMBOL TABLE DUMP=========================
Type int: int, -1, -1 
Type char: char, -1, -1 
Con eol: char, 10, 0 
Con null: Class, 0, 0
   [
   ]
Meth chr: char, 0, 1 
   Var i: int, 0, 1 

Meth ord: int, 12, 1 
   Var ch: char, 0, 1 

Meth len: int, 24, 1 
   Var arr: Arr of notype, 0, 1 

Type bool: bool, -1, -1 
Type string: string, -1, -1 
Meth prints: notype, 31, 2 
   Var str: string, 0, 0 
   Var len: int, 1, 0 
   Var i: int, 2, 0 

Meth reads: string, 64, 0 
   Var i: int, 0, 0 
   Var len: int, 1, 0 
   Var c: char, 2, 0 
   Var res: string, 3, 0 

Meth cmpStr: int, 134, 4 
   Var arr1: string, 0, 0 
   Var arr2: string, 1, 0 
   Var len1: int, 2, 0 
   Var len2: int, 3, 0 
   Var i: bool, 4, 0 

Meth concat: string, 207, 4 
   Var str1: string, 0, 0 
   Var len1: int, 1, 0 
   Var str2: string, 2, 0 
   Var len2: int, 3, 0 
   Var res: string, 4, 0 
   Var i: int, 5, 0 
   Var j: int, 6, 0 
   Var len3: int, 7, 0 

Meth dummy: notype, 300, 2 
   Var adr: int, 0, 0 
   Var par: int, 1, 0 

Prog test04: notype, 0, 1 
   Con sa: string, 0, 0 
   Var sb: string, 0, 0 
   Var x: int, 1, 0 
   Var y: int, 2, 0 
   Var a: Arr of int, 3, 0 
   Var log: bool, 4, 0 
   Meth sum: int, 307, 2 
      Var z: int, 0, 1 
      Var d: int, 1, 1 

   Meth main: notype, 317, 0 
      Con : int, 3, 1 



